<generatedTop>
  <k>
    .
  </k>
  <state>
    a |-> 3.0
  </state>
  <evolutionConditions>
    .Set
  </evolutionConditions>
</generatedTop>
