<generatedTop>
  <k>
    a := 0
  </k>
  <state>
    a |-> 0
  </state>
</generatedTop>
