<generatedTop>
  <k>
    .
  </k>
  <state>
    a |-> ?I +Int 1
  </state>
</generatedTop>
