<generatedTop>
  <k>
    .
  </k>
  <state>
    a |-> ?INITIAL +Int 1
    b |-> ( ?INITIAL +Int 1 ) *Int 2
  </state>
</generatedTop>
