  #Not ( #Not ( {
    ?INITIAL >Int 2
  #Equals
    true
  } ) )
#And
  <generatedTop>
    <k>
      .
    </k>
    <state>
      a |-> 2
    </state>
  </generatedTop>
#And
  {
    ?INITIAL >Int 2
  #Equals
    true
  }
