<generatedTop>
  <k>
    .
  </k>
  <state>
    a |-> 7
  </state>
</generatedTop>
